2025-10-25 20:28:00 | DEBUG | repo=pv243-a4m36jee-2016-infinispan-seminar | action=commit
2025-05-16 18:59:00 | DEBUG | repo=pv243-a4m36jee-2016-infinispan-seminar | action=commit
2025-04-03 15:03:00 | INFO | repo=pv243-a4m36jee-2016-infinispan-seminar | action=commit
2025-03-15 15:15:00 | INFO | repo=pv243-a4m36jee-2016-infinispan-seminar | action=commit
2025-03-03 17:32:00 | INFO | repo=pv243-a4m36jee-2016-infinispan-seminar | action=commit
2025-07-03 19:28:00 | INFO | repo=pv243-a4m36jee-2016-infinispan-seminar | action=commit
2025-11-10 07:41:00 | WARN | repo=pv243-a4m36jee-2016-infinispan-seminar | action=commit
2025-05-21 15:27:00 | WARN | repo=pv243-a4m36jee-2016-infinispan-seminar | action=commit
2025-11-11 17:28:00 | DEBUG | repo=pv243-a4m36jee-2016-infinispan-seminar | action=pull
2025-08-17 15:51:00 | INFO | repo=pv243-a4m36jee-2016-infinispan-seminar | action=edit | files=1
2025-02-08 14:47:00 | INFO | repo=pv243-a4m36jee-2016-infinispan-seminar | action=commit
2025-09-09 21:09:00 | INFO | repo=pv243-a4m36jee-2016-infinispan-seminar | action=commit
2025-06-17 11:43:00 | DEBUG | repo=pv243-a4m36jee-2016-infinispan-seminar | action=commit
2025-02-17 08:26:00 | WARN | repo=pv243-a4m36jee-2016-infinispan-seminar | action=commit
2025-04-09 08:29:00 | DEBUG | repo=pv243-a4m36jee-2016-infinispan-seminar | action=commit
2025-11-05 18:16:00 | INFO | repo=pv243-a4m36jee-2016-infinispan-seminar | action=edit | files=2
2025-07-18 19:02:00 | DEBUG | repo=pv243-a4m36jee-2016-infinispan-seminar | action=commit
2025-11-01 19:14:00 | INFO | repo=pv243-a4m36jee-2016-infinispan-seminar | action=commit
2025-01-13 10:43:00 | INFO | repo=pv243-a4m36jee-2016-infinispan-seminar | action=test | passed=true
2025-03-04 08:30:00 | INFO | repo=pv243-a4m36jee-2016-infinispan-seminar | action=edit | files=4
2025-02-11 11:44:00 | DEBUG | repo=pv243-a4m36jee-2016-infinispan-seminar | action=commit
2025-07-03 08:49:00 | WARN | repo=pv243-a4m36jee-2016-infinispan-seminar | action=commit
2025-03-04 08:43:00 | INFO | repo=pv243-a4m36jee-2016-infinispan-seminar | action=commit
2025-04-13 10:14:00 | WARN | repo=pv243-a4m36jee-2016-infinispan-seminar | action=commit
2025-09-16 13:08:00 | DEBUG | repo=pv243-a4m36jee-2016-infinispan-seminar | action=commit
2025-12-25 16:01:00 | WARN | repo=pv243-a4m36jee-2016-infinispan-seminar | action=edit | files=1
2025-08-18 10:50:00 | INFO | repo=pv243-a4m36jee-2016-infinispan-seminar | action=commit
2025-12-09 20:26:00 | INFO | repo=pv243-a4m36jee-2016-infinispan-seminar | action=commit
2025-01-12 18:57:00 | DEBUG | repo=pv243-a4m36jee-2016-infinispan-seminar | action=commit
2025-11-13 19:05:00 | DEBUG | repo=pv243-a4m36jee-2016-infinispan-seminar | action=commit
2025-10-28 08:01:00 | WARN | repo=pv243-a4m36jee-2016-infinispan-seminar | action=commit
2025-01-26 18:57:00 | WARN | repo=pv243-a4m36jee-2016-infinispan-seminar | action=commit
2025-01-04 15:20:00 | DEBUG | repo=pv243-a4m36jee-2016-infinispan-seminar | action=commit
2025-06-02 08:32:00 | DEBUG | repo=pv243-a4m36jee-2016-infinispan-seminar | action=commit
